
 Name                                                                              Monthly Qty  Unit                            Monthly Cost 
                                                                                                                                             
 ibm_resource_instance.cd_instance_lite                                                                                                      
 └─ Lite plan                                                                                1                                         $0.00 
                                                                                                                                             
 ibm_resource_instance.cd_instance_professional                                                                                              
 └─ Authorized Users                                                                         2  Authorized Users                      $75.40 
                                                                                                                                             
 ibm_resource_instance.dns_svcs_standard                                                                                                     
 ├─ Additional Zones                                                                         1  Zones                                  $0.54 
 ├─ Pool Hours                                                                               1  Hours                                  $0.04 
 ├─ GLB Instance Hours                                                                       1  Hours                                  $0.04 
 ├─ Health Checks                                                                            1  Health Checks                          $1.08 
 ├─ Custom Resolver Essential Location Hours                                                 1  Hours                                  $0.13 
 ├─ Custom Resolver Premier Location Hours                                                   1  Hours                                  $0.72 
 ├─ Custom Resolver Advanced Location Hours                                                  1  Hours                                  $0.36 
 ├─ Million Custom Resolver External Queries (first 10 Million Queries)                     10  Million Queries                        $4.31 
 ├─ Million Custom Resolver External Queries (over 10 Million Queries)                       1  Million Queries                        $0.22 
 └─ Additional Million DNS Queries (first 999 Million Queries)                             999  Million Queries                      $645.16 
 └─ Additional Million DNS Queries (over 999 Million Queries)                                1  Million Queries                        $0.32 
                                                                                                                                             
 ibm_resource_instance.event_notifications["lite"]                                                                                           
 └─ Lite Plan                                                                                1  Instance                               $0.00 
                                                                                                                                             
 ibm_resource_instance.event_notifications["standard"]                                                                                       
 └─ Ingested Events                                                                          1  Million Events                         $1.08 
                                                                                                                                             
 ibm_resource_instance.event_notifications_no_usage                                                                                          
 └─ Ingested Events                                                      Monthly cost depends on usage: $1.08 per Million Events             
                                                                                                                                             
 ibm_resource_instance.messagehub_enterprise                                                                                                 
 ├─ Base Capacity Unit-Hour                                                                  1  Hours                                  $7.37 
 ├─ Additional Capacity Unit-Hour                                                            1  Hours                                  $7.37 
 ├─ Additional Storage Terabyte per Hour                                                    10  Hours                                  $6.46 
 ├─ Gigabyte Transmitted Outbound                                                          100  GB                                     $8.61 
 └─ Mirroring Capacity Unit-Hour                                                             1  Hours                                  $1.47 
                                                                                                                                             
 ibm_resource_instance.messagehub_lite                                                                                                       
 └─ Lite plan                                                                                1                                         $0.00 
                                                                                                                                             
 ibm_resource_instance.messagehub_satellite                                                                                                  
 ├─ Base Capacity Unit-Hour                                                                  1  Hours                                  $7.37 
 └─ Additional Capacity Unit-Hour                                                            1  Hours                                  $7.37 
                                                                                                                                             
 ibm_resource_instance.messagehub_standard                                                                                                   
 ├─ Partition Hours                                                                        100  Hours                                  $1.50 
 └─ Gigabyte Transmitted Outbound                                                          100  GB                                     $8.61 
                                                                                                                                             
 ibm_resource_instance.resource_instance_activity_tracker_7day                                                                               
 └─ Gigabyte Months                                                                         10  Gigabyte Months                       $16.15 
                                                                                                                                             
 ibm_resource_instance.resource_instance_activity_tracker_7day_no_usage                                                                      
 └─ Gigabyte Months                                                      Monthly cost depends on usage: $1.61 per Gigabyte Months            
                                                                                                                                             
 ibm_resource_instance.resource_instance_activity_tracker_lite                                                                               
 └─ Lite plan                                                                                1                                         $0.00 
                                                                                                                                             
 ibm_resource_instance.resource_instance_appid                                                                                               
 ├─ Users (first 1 Users)                                                                    1  Users                                  $0.00 
 ├─ Users (next 9 Users)                                                                     9  Users                                  $0.02 
 ├─ Users (next 90 Users)                                                                   90  Users                                  $0.15 
 ├─ Users (next 900 Users)                                                                 900  Users                                  $1.36 
 ├─ Users (next 4000 Users)                                                                  0  Users                                  $0.00 
 ├─ Users (over 5000 Users)                                                                  0  Users                                  $0.00 
 ├─ Authentications (first 1 Authentications)                                                1  Authentications                        $0.00 
 ├─ Authentications (next 9 Authentications)                                                 9  Authentications                        $0.04 
 ├─ Authentications (next 90 Authentications)                                               90  Authentications                        $0.30 
 ├─ Authentications (next 900 Authentications)                                             900  Authentications                        $2.24 
 ├─ Authentications (next 4000 Authentications)                                          4,000  Authentications                        $6.64 
 ├─ Authentications (over 5000 Authentications)                                         10,000  Authentications                        $8.29 
 └─ Advanced Authentications (first 10 Authentications)                                     10  Authentications                        $0.22 
 └─ Advanced Authentications (next 99990 Authentications)                               19,990  Authentications                      $429.79 
 └─ Advanced Authentications (over 100000 Authentications)                                   0  Authentications                        $0.00 
                                                                                                                                             
 ibm_resource_instance.resource_instance_kms                                                                                                 
 ├─ Key versions free allowance (first 5 Key Versions)                                       5  Key Versions                           $0.00 
 └─ Key versions                                                                           295  Key Versions                         $317.52 
                                                                                                                                             
 ibm_resource_instance.resource_instance_logdna_14day                                                                                        
 └─ Gigabyte Months (14-day)                                                                 1  Gigabyte Months                        $2.15 
                                                                                                                                             
 ibm_resource_instance.resource_instance_logdna_30day                                                                                        
 └─ Gigabyte Months (30-day)                                                                 1  Gigabyte Months                        $3.23 
                                                                                                                                             
 ibm_resource_instance.resource_instance_logdna_7day                                                                                         
 └─ Gigabyte Months (7-day)                                                                  1  Gigabyte Months                        $1.50 
                                                                                                                                             
 ibm_resource_instance.resource_instance_logdna_7day_no_usage                                                                                
 └─ Gigabyte Months (7-day)                                              Monthly cost depends on usage: $1.50 per Gigabyte Months            
                                                                                                                                             
 ibm_resource_instance.resource_instance_logdna_hipaa30day                                                                                   
 └─ Gigabyte Months (hipaa-30-day)                                                           1  Gigabyte Months                        $4.12 
                                                                                                                                             
 ibm_resource_instance.resource_instance_logdna_lite                                                                                         
 └─ Lite plan                                                                                1                                         $0.00 
                                                                                                                                             
 ibm_resource_instance.resource_instance_logs                                                                                                
 ├─ Store and Search                                                                        34  GB/Hour                               $16.32 
 ├─ Analyze and Alert                                                                       34  GB/Hour                               $25.50 
 ├─ Priority Insights (Retention 7 days)                                                    34  GB/Hour                               $40.80 
 ├─ Priority Insights (Retention 14 days)                                                   34  GB/Hour                               $59.50 
 ├─ Priority Insights (Retention 30 days)                                                   34  GB/Hour                               $76.50 
 ├─ Priority Insights (Retention 60 days)                                                   34  GB/Hour                               $93.50 
 └─ Priority Insights (Retention 90 days)                                                   34  GB/Hour                              $110.50 
                                                                                                                                             
 ibm_resource_instance.resource_instance_monitoring_graduated                                                                                
 ├─ Additional Time series (first 1000 Time series hour)                                   100  Time series hour                       $0.01 
 ├─ Additional Time series (next 9000 Time series hour)                                      0  Time series hour                       $0.00 
 ├─ Additional Time series (next 90000 Time series hour)                                     0  Time series hour                       $0.00 
 ├─ Additional Time series (over 100000 Time series hour)                                    0  Time series hour                       $0.00 
 ├─ Additional Container Hours                                                           1,460  Container Hours                        $1.09 
 ├─ Additional API Calls                                                               100,000  API Calls                              $1.08 
 └─ Node Hours                                                                             730  Node Hours                            $37.72 
                                                                                                                                             
 ibm_resource_instance.resource_instance_monitoring_graduated_no_usage                                                                       
 ├─ Additional Time series (first 1000 Time series hour)                 Monthly cost depends on usage: $0.0001195944 per Time series hour   
 ├─ Additional Time series (next 9000 Time series hour)                  Monthly cost depends on usage: $0.0000747465 per Time series hour   
 ├─ Additional Time series (next 90000 Time series hour)                 Monthly cost depends on usage: $0.0000448479 per Time series hour   
 ├─ Additional Time series (over 100000 Time series hour)                Monthly cost depends on usage: $0.0000298986 per Time series hour   
 ├─ Additional Container Hours                                           Monthly cost depends on usage: $0.0007474653 per Container Hours    
 ├─ Additional API Calls                                                 Monthly cost depends on usage: $0.0000107635 per API Calls          
 └─ Node Hours                                                           Monthly cost depends on usage: $0.0516648 per Node Hours            
                                                                                                                                             
 ibm_resource_instance.resource_instance_monitoring_lite                                                                                     
 └─ Lite plan                                                                                1                                         $0.00 
                                                                                                                                             
 ibm_resource_instance.resource_instance_power_iaas                                                                                          
 └─ Workspace for Power Virtual Server                                                       1  Workspace                              $0.00 
                                                                                                                                             
 ibm_resource_instance.resource_instance_secrets_manager_standard                                                                            
 ├─ Instance                                                                                 1  Instance                             $321.00 
 └─ Active Secrets                                                                         400  Secrets                               $86.00 
                                                                                                                                             
 ibm_resource_instance.resource_instance_secrets_manager_trial                                                                               
 └─ Trial plan                                                                               1                                         $0.00 
                                                                                                                                             
 ibm_resource_instance.scc_standard                                                                                                          
 └─ Evaluations                                                                          1,000  Evaluations                           $13.39 
                                                                                                                                             
 ibm_resource_instance.scc_trial                                                                                                             
 └─ Trial                                                                                    1                                         $0.00 
                                                                                                                                             
 ibm_resource_instance.sccwp_graduated_tier                                                                                                  
 ├─ Multi-Cloud CSPM Compute Instance Hours (first 25 Instance-Hours)                       25  Instance-Hours                       $450.00 
 ├─ Multi-Cloud CSPM Compute Instance Hours (next 25 Instance-Hours)                        25  Instance-Hours                       $382.50 
 ├─ Multi-Cloud CSPM Compute Instance Hours (next 50 Instance-Hours)                        50  Instance-Hours                       $675.00 
 ├─ Multi-Cloud CSPM Compute Instance Hours (next 150 Instance-Hours)                      150  Instance-Hours                     $1,890.00 
 ├─ Multi-Cloud CSPM Compute Instance Hours (next 250 Instance-Hours)                      250  Instance-Hours                     $2,700.00 
 ├─ Multi-Cloud CSPM Compute Instance Hours (over 500 Instance-Hours)                        1  Instance-Hours                         $9.90 
 ├─ Node Hours (first 3 Instance-Hours)                                                      3  Instance-Hours                         $0.19 
 ├─ Node Hours (next 2 Instance-Hours)                                                       2  Instance-Hours                         $0.11 
 ├─ Node Hours (next 5 Instance-Hours)                                                       5  Instance-Hours                         $0.24 
 ├─ Node Hours (next 15 Instance-Hours)                                                     15  Instance-Hours                         $0.68 
 ├─ Node Hours (next 25 Instance-Hours)                                                     25  Instance-Hours                         $0.97 
 ├─ Node Hours (over 50 Instance-Hours)                                                      1  Instance-Hours                         $0.04 
 └─ VM Node Hours (first 25 Instance-Hours)                                                 25  Instance-Hours                         $0.56 
 └─ VM Node Hours (next 25 Instance-Hours)                                                  25  Instance-Hours                         $0.47 
 └─ VM Node Hours (next 50 Instance-Hours)                                                  50  Instance-Hours                         $0.83 
 └─ VM Node Hours (next 150 Instance-Hours)                                                150  Instance-Hours                         $2.33 
 └─ VM Node Hours (next 250 Instance-Hours)                                                250  Instance-Hours                         $3.33 
 └─ VM Node Hours (over 500 Instance-Hours)                                                  1  Instance-Hours                         $0.01 
                                                                                                                                             
 ibm_resource_instance.wa_instance_enterprise                                                                                                
 ├─ Instance (50000 MAU included)                                                            1  Instance                           $6,000.00 
 ├─ Additional Monthly Active Users                                                          1  1K MAU                               $120.00 
 └─ Monthly Active Users using voice                                                         1  1K MAU                                $90.00 
                                                                                                                                             
 ibm_resource_instance.wa_instance_lite                                                                                                      
 └─ Lite plan                                                                                1                                         $0.00 
                                                                                                                                             
 ibm_resource_instance.wa_instance_plus                                                                                                      
 ├─ Instance (1000 MAU included)                                                             1  Instance                             $140.00 
 ├─ Additional Monthly Active Users                                                         10  100 MAU                              $140.00 
 └─ Monthly Active Users using voice                                                         1  100 MAU                                $9.00 
                                                                                                                                             
 ibm_resource_instance.wa_instance_trial                                                                                                     
 └─ Trial                                                                                    1                                         $0.00 
                                                                                                                                             
 ibm_resource_instance.watson_discovery_enterprise                                                                                           
 ├─ Instance                                                                                 1  Instance                           $5,000.00 
 ├─ Additional Monthly Documents                                                         1,000  Documents                              $5.00 
 ├─ Additional Monthly Queries                                                           1,000  Queries                                $5.00 
 ├─ Additional Monthly Custom Models                                                         1  Custom Models                        $500.00 
 └─ Additional Monthly Collections                                                           1  Hundred Collections                  $500.00 
                                                                                                                                             
 ibm_resource_instance.watson_discovery_plus                                                                                                 
 ├─ Instance                                                                                 1  Instance                             $500.00 
 ├─ Additional Monthly Documents                                                         1,000  Documents                             $50.00 
 └─ Additional Monthly Queries                                                           1,000  Queries                               $20.00 
                                                                                                                                             
 ibm_resource_instance.watson_governance_essentials                                                                                          
 └─ Resource Units                                                                         100  RU                                    $60.00 
                                                                                                                                             
 ibm_resource_instance.watson_governance_lite                                                                                                
 └─ Lite plan                                                                                1                                         $0.00 
                                                                                                                                             
 ibm_resource_instance.watson_governance_standard_v2                                                                                         
 └─ Deployed Models                                                                          1  Model                                $261.00 
                                                                                                                                             
 ibm_resource_instance.watson_studio_lite                                                                                                    
 └─ Lite plan                                                                                1                                         $0.00 
                                                                                                                                             
 ibm_resource_instance.watson_studio_professional                                                                                            
 └─ Capacity Unit-Hours                                                                      1  CUH                                    $1.02 
                                                                                                                                             
 ibm_resource_instance.wml_instance_essentials                                                                                               
 ├─ Capacity Unit-Hours                                                                     20  CUH                                   $10.40 
 ├─ Mistral Large Output Resource Unit                                                      10  RU                                     $0.10 
 ├─ Text Extraction Category 1                                                              10  Pages                                  $0.38 
 ├─ Text Extraction Category 2                                                              10  Pages                                  $0.19 
 ├─ Resource Units (IBM Models)                                                            500  RU                                     $0.05 
 ├─ Resource Units (Third Party Models)                                                    500  RU                                     $0.05 
 └─ Mistral Large Input Resource Unit                                                       10  RU                                     $0.03 
                                                                                                                                             
 ibm_resource_instance.wml_instance_essentials_no_quantity                                                                                   
 ├─ Capacity Unit-Hours                                                  Monthly cost depends on usage: $0.52 per CUH                        
 ├─ Mistral Large Output Resource Unit                                   Monthly cost depends on usage: $0.01 per RU                         
 ├─ Text Extraction Category 1                                           Monthly cost depends on usage: $0.038 per Pages                     
 ├─ Text Extraction Category 2                                           Monthly cost depends on usage: $0.019 per Pages                     
 ├─ Resource Units (IBM Models)                                          Monthly cost depends on usage: $0.0001 per RU                       
 ├─ Resource Units (Third Party Models)                                  Monthly cost depends on usage: $0.0001 per RU                       
 └─ Mistral Large Input Resource Unit                                    Monthly cost depends on usage: $0.003 per RU                        
                                                                                                                                             
 ibm_resource_instance.wml_instance_lite                                                                                                     
 └─ Lite plan                                                                                1                                         $0.00 
                                                                                                                                             
 ibm_resource_instance.wml_instance_standard                                                                                                 
 ├─ Instance (2500 CUH included)                                                             1  Instance                           $1,050.00 
 ├─ Additional Capacity Unit-Hours                                                         500  CUH                                  $210.00 
 ├─ Mistral Large Output Resource Unit                                                      10  RU                                     $0.10 
 ├─ Text Extraction Category 1                                                              10  Pages                                  $0.30 
 ├─ Text Extraction Category 2                                                              10  Pages                                  $0.15 
 ├─ Resource Units (IBM Models)                                                            500  RU                                     $0.05 
 ├─ Resource Units (Third Party Models)                                                    500  RU                                     $0.05 
 ├─ Mistral Large Input Resource Unit                                                       10  RU                                     $0.03 
 ├─ InstructLab Data                                                                        10  RU                                     $0.06 
 ├─ InstructLab Tuning                                                                      10  RU                                     $0.07 
 ├─ Mistral Large Model Hosting Access                                                       1  Hours                                 $34.30 
 ├─ Mistral 1 GPU Model Hosting Access                                                       1  Hours                                  $8.60 
 ├─ Mistral 2 GPU Model Hosting Access                                                       1  Hours                                 $17.20 
 ├─ Small Model Hosting                                                                      1  Hours                                  $5.22 
 ├─ Medium Model Hosting                                                                     1  Hours                                 $10.40 
 ├─ Large Model Hosting                                                                      1  Hours                                 $20.85 
 ├─ Extra Large Model Hosting                                                                1  Hours                                 $41.70 
 ├─ Extra Small Model Hosting                                                                1  Hours                                  $4.43 
 ├─ Very Large Model Hosting                                                                 1  Hours                                 $83.50 
 ├─ Model Hosting 1 L40S                                                                     1  Hours                                  $4.43 
 ├─ Model Hosting 2 L40S                                                                     1  Hours                                  $8.86 
 ├─ Model Hosting 1 A100                                                                     1  Hours                                  $5.80 
 ├─ Model Hosting 2 A100                                                                     1  Hours                                 $11.60 
 ├─ Model Hosting 4 A100                                                                     1  Hours                                 $23.20 
 ├─ Model Hosting 8 A100                                                                     1  Hours                                 $46.40 
 ├─ Model Hosting 1 H100                                                                     1  Hours                                 $14.50 
 ├─ Model Hosting 2 H100                                                                     1  Hours                                 $29.00 
 ├─ Model Hosting 4 H100                                                                     1  Hours                                 $58.00 
 ├─ Model Hosting 8 H100                                                                     1  Hours                                $116.00 
 ├─ Model Hosting 1 H200                                                                     1  Hours                                 $16.00 
 ├─ Model Hosting 2 H200                                                                     1  Hours                                 $32.00 
 ├─ Model Hosting 4 H200                                                                     1  Hours                                 $64.00 
 └─ Model Hosting 8 H200                                                                     1  Hours                                $128.00 
                                                                                                                                             
 ibm_resource_instance.wml_instance_standard_no_quantity                                                                                     
 ├─ Instance (2500 CUH included)                                                             1  Instance                           $1,050.00 
 ├─ Additional Capacity Unit-Hours                                       Monthly cost depends on usage: $0.42 per CUH                        
 ├─ Mistral Large Output Resource Unit                                   Monthly cost depends on usage: $0.01 per RU                         
 ├─ Text Extraction Category 1                                           Monthly cost depends on usage: $0.03 per Pages                      
 ├─ Text Extraction Category 2                                           Monthly cost depends on usage: $0.015 per Pages                     
 ├─ Resource Units (IBM Models)                                          Monthly cost depends on usage: $0.0001 per RU                       
 ├─ Resource Units (Third Party Models)                                  Monthly cost depends on usage: $0.0001 per RU                       
 ├─ Mistral Large Input Resource Unit                                    Monthly cost depends on usage: $0.003 per RU                        
 ├─ InstructLab Data                                                     Monthly cost depends on usage: $0.00625 per RU                      
 ├─ InstructLab Tuning                                                   Monthly cost depends on usage: $0.007 per RU                        
 ├─ Mistral Large Model Hosting Access                                   Monthly cost depends on usage: $34.30 per Hours                     
 ├─ Mistral 1 GPU Model Hosting Access                                   Monthly cost depends on usage: $8.60 per Hours                      
 ├─ Mistral 2 GPU Model Hosting Access                                   Monthly cost depends on usage: $17.20 per Hours                     
 ├─ Small Model Hosting                                                  Monthly cost depends on usage: $5.22 per Hours                      
 ├─ Medium Model Hosting                                                 Monthly cost depends on usage: $10.40 per Hours                     
 ├─ Large Model Hosting                                                  Monthly cost depends on usage: $20.85 per Hours                     
 ├─ Extra Large Model Hosting                                            Monthly cost depends on usage: $41.70 per Hours                     
 ├─ Extra Small Model Hosting                                            Monthly cost depends on usage: $4.43 per Hours                      
 ├─ Very Large Model Hosting                                             Monthly cost depends on usage: $83.50 per Hours                     
 ├─ Model Hosting 1 L40S                                                 Monthly cost depends on usage: $4.43 per Hours                      
 ├─ Model Hosting 2 L40S                                                 Monthly cost depends on usage: $8.86 per Hours                      
 ├─ Model Hosting 1 A100                                                 Monthly cost depends on usage: $5.80 per Hours                      
 ├─ Model Hosting 2 A100                                                 Monthly cost depends on usage: $11.60 per Hours                     
 ├─ Model Hosting 4 A100                                                 Monthly cost depends on usage: $23.20 per Hours                     
 ├─ Model Hosting 8 A100                                                 Monthly cost depends on usage: $46.40 per Hours                     
 ├─ Model Hosting 1 H100                                                 Monthly cost depends on usage: $14.50 per Hours                     
 ├─ Model Hosting 2 H100                                                 Monthly cost depends on usage: $29.00 per Hours                     
 ├─ Model Hosting 4 H100                                                 Monthly cost depends on usage: $58.00 per Hours                     
 ├─ Model Hosting 8 H100                                                 Monthly cost depends on usage: $116.00 per Hours                    
 ├─ Model Hosting 1 H200                                                 Monthly cost depends on usage: $16.00 per Hours                     
 ├─ Model Hosting 2 H200                                                 Monthly cost depends on usage: $32.00 per Hours                     
 ├─ Model Hosting 4 H200                                                 Monthly cost depends on usage: $64.00 per Hours                     
 └─ Model Hosting 8 H200                                                 Monthly cost depends on usage: $128.00 per Hours                    
                                                                                                                                             
 ibm_resource_instance.wx_orchestrate_essentials                                                                                             
 ├─ Instance (4000 MAUs included)                                                            1  Instance                             $500.00 
 ├─ Additional Monthly Active Users                                                          1  1K MAU                               $100.00 
 ├─ Monthly Active Users using voice                                                         1  1K MAU                               $100.00 
 ├─ Skill Runs                                                                               1  10K Skill Runs                       $100.00 
 ├─ Class 1 Resource Units                                                                   1  1K RU                                  $0.60 
 ├─ Class 2 Resource Units                                                                   1  1K RU                                  $1.91 
 └─ Class 3 Resource Units                                                                   1  1K RU                                  $5.29 
                                                                                                                                             
 ibm_resource_instance.wx_orchestrate_essentials_no_usage                                                                                    
 ├─ Instance (4000 MAUs included)                                                            1  Instance                             $500.00 
 ├─ Additional Monthly Active Users                                      Monthly cost depends on usage: $100.00 per 1K MAU                   
 ├─ Monthly Active Users using voice                                     Monthly cost depends on usage: $100.00 per 1K MAU                   
 ├─ Skill Runs                                                           Monthly cost depends on usage: $100.00 per 10K Skill Runs           
 ├─ Class 1 Resource Units                                               Monthly cost depends on usage: $0.60 per 1K RU                      
 ├─ Class 2 Resource Units                                               Monthly cost depends on usage: $1.91 per 1K RU                      
 └─ Class 3 Resource Units                                               Monthly cost depends on usage: $5.29 per 1K RU                      
                                                                                                                                             
 ibm_resource_instance.wx_orchestrate_standard                                                                                               
 ├─ Instance (40000 MAUs included)                                                           1  Instance                           $6,000.00 
 ├─ Additional Monthly Active Users                                                          1  1K MAU                               $100.00 
 ├─ Monthly Active Users using voice                                                         1  1K MAU                               $100.00 
 ├─ Skill Runs                                                                               1  10K Skill Runs                       $100.00 
 ├─ Class 1 Resource Units                                                                   1  1K RU                                  $0.60 
 ├─ Class 2 Resource Units                                                                   1  1K RU                                  $1.91 
 └─ Class 3 Resource Units                                                                   1  1K RU                                  $5.29 
                                                                                                                                             
 ibm_resource_instance.wx_orchestrate_standard_no_usage                                                                                      
 ├─ Instance (40000 MAUs included)                                                           1  Instance                           $6,000.00 
 ├─ Additional Monthly Active Users                                      Monthly cost depends on usage: $100.00 per 1K MAU                   
 ├─ Monthly Active Users using voice                                     Monthly cost depends on usage: $100.00 per 1K MAU                   
 ├─ Skill Runs                                                           Monthly cost depends on usage: $100.00 per 10K Skill Runs           
 ├─ Class 1 Resource Units                                               Monthly cost depends on usage: $0.60 per 1K RU                      
 ├─ Class 2 Resource Units                                               Monthly cost depends on usage: $1.91 per 1K RU                      
 └─ Class 3 Resource Units                                               Monthly cost depends on usage: $5.29 per 1K RU                      
                                                                                                                                             
 ibm_resource_instance.wx_orchestrate_trial                                                                                                  
 └─ Trial plan                                                                               1                                         $0.00 
                                                                                                                                             
 OVERALL TOTAL                                                                                                                    $38,701.93 
──────────────────────────────────
53 cloud resources were detected:
∙ 53 were estimated, all of which include usage-based costs, see https://infracost.io/usage-file